// Jest Snapshot v1, https://goo.gl/fbAQLP

exports[`Test Button  1`] = `
<div>
  <div
    class="Calculator"
  >
    <div
      class="View"
      data-testid="screen"
    >
      <p />
      <p />
      <p>
        0
      </p>
    </div>
    <div
      class="UI"
    >
      <div
        class="group"
      >
        <button
          class="Button"
          type="button"
        >
          AC
        </button>
        <button
          class="Button"
          type="button"
        >
          +/-
        </button>
        <button
          class="Button"
          type="button"
        >
          %
        </button>
        <button
          class="Button ButtonOrange"
          type="button"
        >
          รท
        </button>
      </div>
      <div
        class="group"
      >
        <button
          class="Button"
          type="button"
        >
          8
        </button>
        <button
          class="Button"
          type="button"
        >
          7
        </button>
        <button
          class="Button"
          type="button"
        >
          9
        </button>
        <button
          class="Button ButtonOrange"
          type="button"
        >
          x
        </button>
      </div>
      <div
        class="group"
      >
        <button
          class="Button"
          type="button"
        >
          4
        </button>
        <button
          class="Button"
          type="button"
        >
          5
        </button>
        <button
          class="Button"
          type="button"
        >
          6
        </button>
        <button
          class="Button ButtonOrange"
          type="button"
        >
          -
        </button>
      </div>
      <div
        class="group"
      >
        <button
          class="Button"
          type="button"
        >
          1
        </button>
        <button
          class="Button"
          type="button"
        >
          2
        </button>
        <button
          class="Button"
          type="button"
        >
          3
        </button>
        <button
          class="Button ButtonOrange"
          type="button"
        >
          +
        </button>
      </div>
      <div
        class="group"
      >
        <button
          class="Button ButtonSpan2"
          type="button"
        >
          0
        </button>
        <button
          class="Button"
          type="button"
        >
          .
        </button>
        <button
          class="Button ButtonOrange"
          type="button"
        >
          =
        </button>
      </div>
    </div>
  </div>
</div>
`;
